[Licensing::Module] Trying to connect to existing licensing client channel...
Built from '6000.3/staging' branch; Version is '6000.3.21f1 (c02631ffc030) revision 12592689'; Using compiler version '194234433'; Build Type 'Release'
[Licensing::IpcConnector] Channel LicenseClient-mobin doesn't exist
OS: 'Windows 11  (10.0.26200) Core' Language: 'en' Physical Memory: 16163 MB
BatchMode: 1, IsHumanControllingUs: 0, StartBugReporterOnCrash: 0, Is64bit: 1
System  architecture: x64
Process architecture: x64
Date: 2026-08-05T16:32:50Z
[Licensing::Module] Successfully launched the LicensingClient (PId: 11748)
[Licensing::IpcConnector] Successfully connected to: "LicenseClient-mobin" at "2026-08-05T16:32:51.5061914Z"
[Licensing::Client] Code 10 while verifying Licensing Client signature (process Id: 11748, path: "C:/Program Files/Unity/Hub/Editor/6000.3.21f1/Editor/Data/Resources/Licensing/Client/Unity.Licensing.Client.exe")
[Licensing::Module] LicensingClient has failed validation; ignoring
[Licensing::Client] Handshaking with LicensingClient:
  Version:                 1.18.1+9fbee8e
  Session Id:              266a9935504f495daeb0e5f49a0f8e15
  Correlation Id:          84f34382bad19dc309d162df5acdc39d
  External correlation Id: 5267621618739594212
  Machine Id:              IKbYpEP8Sfi1OSfS5p21BY4mvC0=
[Licensing::Module] Successfully connected to LicensingClient on channel: "LicenseClient-mobin" (connect: 0.86s, validation: 0.12s, handshake: 0.10s)
[Licensing::IpcConnector] Successfully connected to: "LicenseClient-mobin-notifications" at "2026-08-05T16:32:51.7251357Z"
[Licensing::Module] Connected to LicensingClient (PId: 11748, launch time: 0.08, total connection time: 1.08s)
[Licensing::Module] Error: Access token is unavailable; failed to update
[Licensing::Client] Successfully resolved entitlement details
[Licensing::Module] License group:
  Id: 3574443758235-UnityPersXXXX
  Product: Unity Personal
  Type: Assigned
  Expiration: Unlimited
[Licensing::Client] Successfully updated license, isAsync: True, time: 0.02
[Licensing::Client] Successfully resolved entitlement details
[Licensing::Module] Licensing Background thread has ended after 1.27s

COMMAND LINE ARGUMENTS:
C:\Program Files\Unity\Hub\Editor\6000.3.21f1\Editor\Unity.exe
-batchmode
-nographics
-projectPath
C:\Users\mobin\Desktop\Project-folder\blackjack-social-casino
-logFile
C:\Users\mobin\Desktop\Project-folder\blackjack-social-casino\tools\logs\bootstrap.log
-executeMethod
BlackjackGame.EditorTools.SceneBootstrap.BuildAllFromCommandLine
Successfully changed project path to: C:\Users\mobin\Desktop\Project-folder\blackjack-social-casino
C:/Users/mobin/Desktop/Project-folder/blackjack-social-casino
[UnityMemory] Configuration Parameters - Can be set up in boot.config
    "memorysetup-temp-allocator-size-nav-mesh-worker=65536"
    "memorysetup-temp-allocator-size-audio-worker=65536"
    "memorysetup-temp-allocator-size-gfx=262144"
    "memorysetup-allocator-temp-initial-block-size-main=262144"
    "memorysetup-allocator-temp-initial-block-size-worker=262144"
    "memorysetup-temp-allocator-size-background-worker=32768"
    "memorysetup-temp-allocator-size-job-worker=262144"
    "memorysetup-temp-allocator-size-preload-manager=33554432"
    "memorysetup-temp-allocator-size-gi-baking-worker=262144"
    "memorysetup-temp-allocator-size-gi-baking-worker=262144"
    "memorysetup-temp-allocator-size-gi-baking-worker=262144"
    "memorysetup-temp-allocator-size-gi-baking-worker=262144"
    "memorysetup-temp-allocator-size-gi-baking-worker=262144"
    "memorysetup-bucket-allocator-granularity=16"
    "memorysetup-bucket-allocator-bucket-count=8"
    "memorysetup-bucket-allocator-block-size=33554432"
    "memorysetup-bucket-allocator-block-count=8"
    "memorysetup-main-allocator-block-size=16777216"
    "memorysetup-thread-allocator-block-size=16777216"
    "memorysetup-gfx-main-allocator-block-size=16777216"
    "memorysetup-gfx-thread-allocator-block-size=16777216"
    "memorysetup-cache-allocator-block-size=4194304"
    "memorysetup-typetree-allocator-block-size=2097152"
    "memorysetup-profiler-bucket-allocator-granularity=16"
    "memorysetup-profiler-bucket-allocator-bucket-count=8"
    "memorysetup-profiler-bucket-allocator-block-size=33554432"
    "memorysetup-profiler-bucket-allocator-block-count=8"
    "memorysetup-profiler-allocator-block-size=16777216"
    "memorysetup-profiler-editor-allocator-block-size=1048576"
    "memorysetup-temp-allocator-size-main=16777216"
    "memorysetup-job-temp-allocator-block-size=2097152"
    "memorysetup-job-temp-allocator-block-size-background=1048576"
    "memorysetup-job-temp-allocator-reduction-small-platforms=262144"
    "memorysetup-temp-allocator-size-cloud-worker=32768"
Player connection [12016]  Target information:

Player connection [12016]  * "[IP] 192.168.80.1 [Port] 55504 [Flags] 2 [Guid] 478700938 [EditorId] 478700938 [Version] 1048832 [Id] WindowsEditor(7,mobin) [Debug] 1 [PackageName] WindowsEditor [ProjectName] Editor" 

Player connection [12016]  * "[IP] 192.168.42.1 [Port] 55504 [Flags] 2 [Guid] 478700938 [EditorId] 478700938 [Version] 1048832 [Id] WindowsEditor(7,mobin) [Debug] 1 [PackageName] WindowsEditor [ProjectName] Editor" 

Player connection [12016]  * "[IP] 10.248.160.123 [Port] 55504 [Flags] 2 [Guid] 478700938 [EditorId] 478700938 [Version] 1048832 [Id] WindowsEditor(7,mobin) [Debug] 1 [PackageName] WindowsEditor [ProjectName] Editor" 

Player connection [12016] Host joined multi-casting on [225.0.0.222:54997]...
Player connection [12016] Host joined alternative multi-casting on [225.0.0.222:34997]...
Input System module state changed to: Initialized.
[Physics::Module] Initialized fallback backend.
[Physics::Module] Id: 0xdecafbad
[Package Manager] Connected to IPC stream "Upm-14160" after 0.5 seconds.
[Licensing::Client] Successfully resolved entitlement details
Library Redirect Path: Library/
[Physics::Module] Selected backend.
[Physics::Module] Name: PhysX
[Physics::Module] Id: 0xf2b8ea05
[Physics::Module] SDK Version: 4.1.2
[Physics::Module] Integration Version: 1.0.0
[Physics::Module] Threading Mode: Multi-Threaded
Refreshing native plugins compatible for Editor in 2.53 ms, found 0 plugins.
Preloading 0 native plugins for Editor in 0.00 ms.
Initialize engine version: 6000.3.21f1 (c02631ffc030)
[Subsystems] Discovering subsystems at path C:/Program Files/Unity/Hub/Editor/6000.3.21f1/Editor/Data/Resources/UnitySubsystems
[Subsystems] Discovering subsystems at path C:/Users/mobin/Desktop/Project-folder/blackjack-social-casino/Assets
Forcing GfxDevice: Null
GfxDevice: creating device client; kGfxThreadingModeNonThreaded
NullGfxDevice:
    Version:  NULL 1.0 [1.0]
    Renderer: Null Device
    Vendor:   Unity Technologies
Initialize mono
Mono path[0] = 'C:/Program Files/Unity/Hub/Editor/6000.3.21f1/Editor/Data/Managed'
Mono path[1] = 'C:/Program Files/Unity/Hub/Editor/6000.3.21f1/Editor/Data/MonoBleedingEdge/lib/mono/unityjit-win32'
Mono config path = 'C:/Program Files/Unity/Hub/Editor/6000.3.21f1/Editor/Data/MonoBleedingEdge/etc'
Using monoOptions --debugger-agent=transport=dt_socket,embedding=1,server=y,suspend=n,address=127.0.0.1:56160
Using cacheserver namespaces - metadata:defaultmetadata, artifacts:defaultartifacts
Using cacheserver namespaces - metadata:defaultmetadata, artifacts:defaultartifacts
ImportWorker Server TCP listen port: 0
AcceleratorClientConnectionCallback - disconnected - :0
Begin MonoManager ReloadAssembly
Registering precompiled unity dll's ...
Register platform support module: C:/Program Files/Unity/Hub/Editor/6000.3.21f1/Editor/Data/PlaybackEngines/WindowsStandaloneSupport/UnityEditor.WindowsStandalone.Extensions.dll
[Licensing::Client] Successfully resolved entitlement details
Register platform support module: C:/Program Files/Unity/Hub/Editor/6000.3.21f1/Editor/Data/PlaybackEngines/AndroidPlayer/UnityEditor.Android.Extensions.dll
[Licensing::Client] Successfully resolved entitlement details
Register platform support module: C:/Program Files/Unity/Hub/Editor/6000.3.21f1/Editor/Data/PlaybackEngines/iOSSupport/UnityEditor.iOS.Extensions.dll
Registered in 0.025794 seconds.
- Loaded All Assemblies, in  1.493 seconds
Native extension for iOS target not found
Native extension for Android target not found
Native extension for WindowsStandalone target not found
Package Manager log level set to [2]
ScheduleIndexationOnStartup MainProcess:False IndexOnStartup:True
Mono: successfully reloaded assembly
- Finished resetting the current domain, in  0.869 seconds
Domain Reload Profiling: 2353ms
	BeginReloadAssembly (774ms)
		ExecutionOrderSort (0ms)
		DisableScriptedObjects (0ms)
		BackupInstance (0ms)
		ReleaseScriptingObjects (0ms)
		CreateAndSetChildDomain (35ms)
	RebuildCommonClasses (123ms)
	RebuildNativeTypeToScriptingClass (39ms)
	initialDomainReloadingComplete (171ms)
	LoadAllAssembliesAndSetupDomain (375ms)
		LoadAssemblies (725ms)
		RebuildTransferFunctionScriptingTraits (0ms)
		AnalyzeDomain (360ms)
			TypeCache.Refresh (357ms)
				TypeCache.ScanAssembly (330ms)
			BuildScriptInfoCaches (0ms)
			ResolveRequiredComponents (1ms)
	FinalizeReload (870ms)
		ReleaseScriptCaches (0ms)
		RebuildScriptCaches (0ms)
		SetupLoadedEditorAssemblies (758ms)
			LogAssemblyErrors (0ms)
			InitializePlatformSupportModulesInManaged (178ms)
			SetLoadedEditorAssemblies (5ms)
			BeforeProcessingInitializeOnLoad (141ms)
			ProcessInitializeOnLoadAttributes (216ms)
			ProcessInitializeOnLoadMethodAttributes (217ms)
			AfterProcessingInitializeOnLoad (0ms)
			EditorAssembliesLoaded (1ms)
		ExecutionOrderSort2 (0ms)
		AwakeInstancesAfterBackupRestoration (0ms)
[Licensing::Client] Successfully resolved entitlement details
Application.AssetDatabase Initial Refresh Start
[Package Manager] Restoring resolved packages state from cache
[Licensing::Client] Successfully resolved entitlement details
[Package Manager] Registered 23 packages:
  Packages from [https://packages.unity.com]:
    com.unity.ide.rider@3.0.40 (location: C:\Users\mobin\Desktop\Project-folder\blackjack-social-casino\Library\PackageCache\com.unity.ide.rider@e4950c6d131b)
    com.unity.ide.visualstudio@2.0.26 (location: C:\Users\mobin\Desktop\Project-folder\blackjack-social-casino\Library\PackageCache\com.unity.ide.visualstudio@a99d56dec63f)
    com.unity.purchasing@4.15.1 (location: C:\Users\mobin\Desktop\Project-folder\blackjack-social-casino\Library\PackageCache\com.unity.purchasing@265595791a69)
    com.unity.services.core@1.18.0 (location: C:\Users\mobin\Desktop\Project-folder\blackjack-social-casino\Library\PackageCache\com.unity.services.core@3464cb68d709)
    com.unity.nuget.newtonsoft-json@3.2.2 (location: C:\Users\mobin\Desktop\Project-folder\blackjack-social-casino\Library\PackageCache\com.unity.nuget.newtonsoft-json@4dfd81071c64)
  Built-in packages:
    com.unity.test-framework@1.6.0 (location: C:\Users\mobin\Desktop\Project-folder\blackjack-social-casino\Library\PackageCache\com.unity.test-framework@bd7f943e9647)
    com.unity.ugui@2.0.0 (location: C:\Users\mobin\Desktop\Project-folder\blackjack-social-casino\Library\PackageCache\com.unity.ugui@e20f1880fa04)
    com.unity.modules.adaptiveperformance@1.0.0 (location: C:\Users\mobin\Desktop\Project-folder\blackjack-social-casino\Library\PackageCache\com.unity.modules.adaptiveperformance)
    com.unity.modules.androidjni@1.0.0 (location: C:\Users\mobin\Desktop\Project-folder\blackjack-social-casino\Library\PackageCache\com.unity.modules.androidjni)
    com.unity.modules.animation@1.0.0 (location: C:\Users\mobin\Desktop\Project-folder\blackjack-social-casino\Library\PackageCache\com.unity.modules.animation)
    com.unity.modules.audio@1.0.0 (location: C:\Users\mobin\Desktop\Project-folder\blackjack-social-casino\Library\PackageCache\com.unity.modules.audio)
    com.unity.modules.imageconversion@1.0.0 (location: C:\Users\mobin\Desktop\Project-folder\blackjack-social-casino\Library\PackageCache\com.unity.modules.imageconversion)
    com.unity.modules.imgui@1.0.0 (location: C:\Users\mobin\Desktop\Project-folder\blackjack-social-casino\Library\PackageCache\com.unity.modules.imgui)
    com.unity.modules.jsonserialize@1.0.0 (location: C:\Users\mobin\Desktop\Project-folder\blackjack-social-casino\Library\PackageCache\com.unity.modules.jsonserialize)
    com.unity.modules.physics@1.0.0 (location: C:\Users\mobin\Desktop\Project-folder\blackjack-social-casino\Library\PackageCache\com.unity.modules.physics)
    com.unity.modules.physics2d@1.0.0 (location: C:\Users\mobin\Desktop\Project-folder\blackjack-social-casino\Library\PackageCache\com.unity.modules.physics2d)
    com.unity.modules.ui@1.0.0 (location: C:\Users\mobin\Desktop\Project-folder\blackjack-social-casino\Library\PackageCache\com.unity.modules.ui)
    com.unity.modules.uielements@1.0.0 (location: C:\Users\mobin\Desktop\Project-folder\blackjack-social-casino\Library\PackageCache\com.unity.modules.uielements)
    com.unity.modules.unitywebrequest@1.0.0 (location: C:\Users\mobin\Desktop\Project-folder\blackjack-social-casino\Library\PackageCache\com.unity.modules.unitywebrequest)
    com.unity.modules.vectorgraphics@1.0.0 (location: C:\Users\mobin\Desktop\Project-folder\blackjack-social-casino\Library\PackageCache\com.unity.modules.vectorgraphics)
    com.unity.modules.hierarchycore@1.0.0 (location: C:\Users\mobin\Desktop\Project-folder\blackjack-social-casino\Library\PackageCache\com.unity.modules.hierarchycore)
    com.unity.modules.subsystems@1.0.0 (location: C:\Users\mobin\Desktop\Project-folder\blackjack-social-casino\Library\PackageCache\com.unity.modules.subsystems)
    com.unity.ext.nunit@2.0.5 (location: C:\Users\mobin\Desktop\Project-folder\blackjack-social-casino\Library\PackageCache\com.unity.ext.nunit@d8c07649098d)
[Package Manager] com.unity.purchasing@4.15.1 is deprecated: Unity IAP 4 is unsupported as of June 8, 2026. IAP 5 is the supported version going forward.
[Subsystems] No new subsystems found in resolved package list.
[Package Manager] Done registering packages in 0.04 seconds
Starting: C:\Program Files\Unity\Hub\Editor\6000.3.21f1\Editor\Data\Tools\BuildPipeline\bee_backend.exe --ipc --defer-dag-verification --dagfile="Library/Bee/1900b0aE.dag" --continue-on-failure --profile="Library/Bee/backend1.traceevents" ScriptAssemblies
WorkingDir: C:/Users/mobin/Desktop/Project-folder/blackjack-social-casino
DisplayProgressbar: Compiling Scripts
Starting: C:\Program Files\Unity\Hub\Editor\6000.3.21f1\Editor\Data\netcorerun\netcorerun.exe "C:\Program Files\Unity\Hub\Editor\6000.3.21f1\Editor\Data\Tools\BuildPipeline\ScriptCompilationBuildProgram.exe" "Library/Bee/1900b0aE.dag.json" "Library/Bee/1900b0aE-inputdata.json" "Library\Bee\buildprogram0.traceevents"
WorkingDir: C:/Users/mobin/Desktop/Project-folder/blackjack-social-casino
ExitCode: 4 Duration: 0s572ms
Rebuilding DAG because FileSignature timestamp changed: Library/Bee/1900b0aE-inputdata.json
*** Tundra requires additional run (0.32 seconds), 0 items updated, 526 evaluated
ExitCode: 0 Duration: 1s29ms
Starting: C:\Program Files\Unity\Hub\Editor\6000.3.21f1\Editor\Data\Tools\BuildPipeline\bee_backend.exe --ipc --defer-dag-verification --dagfile="Library/Bee/1900b0aE.dag" --continue-on-failure --dagfilejson="Library\Bee\1900b0aE.dag.json" --profile="Library/Bee/backend2.traceevents" ScriptAssemblies
WorkingDir: C:/Users/mobin/Desktop/Project-folder/blackjack-social-casino
ExitCode: 0 Duration: 0s301ms
Finished compiling graph: 529 nodes, 7753 flattened edges (7085 ToBuild, 86 ToUse), maximum node priority 389
*** Tundra build success (0.22 seconds), 0 items updated, 526 evaluated
AssetDatabase: script compilation time: 3.963162s
Begin MonoManager ReloadAssembly
- Loaded All Assemblies, in  1.708 seconds
Refreshing native plugins compatible for Editor in 10.28 ms, found 0 plugins.
Native extension for iOS target not found
Native extension for Android target not found
Native extension for WindowsStandalone target not found
ScheduleIndexationOnStartup MainProcess:True IndexOnStartup:True
Mono: successfully reloaded assembly
- Finished resetting the current domain, in  1.107 seconds
Domain Reload Profiling: 2787ms
	BeginReloadAssembly (665ms)
		ExecutionOrderSort (0ms)
		DisableScriptedObjects (64ms)
		BackupInstance (0ms)
		ReleaseScriptingObjects (1ms)
		CreateAndSetChildDomain (210ms)
	RebuildCommonClasses (162ms)
	RebuildNativeTypeToScriptingClass (44ms)
	initialDomainReloadingComplete (79ms)
	LoadAllAssembliesAndSetupDomain (729ms)
		LoadAssemblies (895ms)
		RebuildTransferFunctionScriptingTraits (0ms)
		AnalyzeDomain (126ms)
			TypeCache.Refresh (99ms)
				TypeCache.ScanAssembly (82ms)
			BuildScriptInfoCaches (22ms)
			ResolveRequiredComponents (3ms)
	FinalizeReload (1108ms)
		ReleaseScriptCaches (0ms)
		RebuildScriptCaches (0ms)
		SetupLoadedEditorAssemblies (890ms)
			LogAssemblyErrors (0ms)
			InitializePlatformSupportModulesInManaged (70ms)
			SetLoadedEditorAssemblies (8ms)
			BeforeProcessingInitializeOnLoad (228ms)
			ProcessInitializeOnLoadAttributes (265ms)
			ProcessInitializeOnLoadMethodAttributes (306ms)
			AfterProcessingInitializeOnLoad (13ms)
			EditorAssembliesLoaded (0ms)
		ExecutionOrderSort2 (0ms)
		AwakeInstancesAfterBackupRestoration (29ms)
Asset Pipeline Refresh (id=1a37dfa237dcdbf4f976715ab41d1191): Total: 7.339 seconds - Initiated by InitialRefreshV2(ForceSynchronousImport)
	Summary:
		Imports: total=0 (actual=0, local cache=0, cache server=0)
		Asset DB Process Time: managed=0 ms, native=1534 ms
		Asset DB Callback time: managed=34 ms, native=45 ms
		Scripting: domain reloads=1, domain reload time=1708 ms, compile time=3968 ms, other=48 ms
		Project Asset Count: scripts=477, non-scripts=320
		Asset File Changes: new=0, changed=0, moved=0, deleted=0
		Scan Filter Count: 0
	InvokeCustomDependenciesCallbacks: 0.002ms
	InvokePackagesCallback: 49.808ms
	ApplyChangesToAssetFolders: 1.331ms
	Scan: 101.102ms
	OnSourceAssetsModified: 0.004ms
	CategorizeAssetsWithTransientArtifact: 20.901ms
	ProcessAssetsWithTransientArtifactChanges: 31.517ms
	CategorizeAssets: 14.929ms
	ImportOutOfDateAssets: 1127.428ms (-2842.618ms without children)
		CompileScripts: 3968.177ms
		ReloadNativeAssets: 0.001ms
		UnloadImportedAssets: 0.265ms
		EnsureUptoDateAssetsAreRegisteredWithGuidPM: 0.297ms
		InitializingProgressBar: 0.001ms
		PostProcessAllAssetNotificationsAddChangedAssets: 0.001ms
		OnDemandSchedulerStart: 1.306ms
	PostProcessAllAssets: 34.806ms
	GatherAllCurrentPrimaryArtifactRevisions: 0.543ms
	UnloadStreamsBegin: 4.481ms
	PersistCurrentRevisions: 0.046ms
	UnloadStreamsEnd: 0.002ms
	GenerateScriptTypeHashes: 2.362ms
	Untracked: 5951.936ms

Application.AssetDatabase Initial Refresh End
Scanning for USB devices : 0.922ms
Initializing Unity extensions:
[MODES] ModeService[none].Initialize
[MODES] ModeService[none].LoadModes
[MODES] Loading mode Default (0) for mode-current-id-blackjack-social-casino
Unloading 4 Unused Serialized files (Serialized files now loaded: 0)
Unloading 1682 unused Assets / (1.2 MB). Loaded Objects now: 2317.
Memory consumption went from 106.0 MB to 104.8 MB.
Total: 17.116700 ms (FindLiveObjects: 0.276500 ms CreateObjectMapping: 0.107300 ms MarkObjects: 15.393400 ms  DeleteObjects: 1.336700 ms)

Asset Pipeline Refresh (id=e885755430f9c2548a45a6f3f4baf085): Total: 0.014 seconds - Initiated by StopAssetImportingV2(NoUpdateAssetOptions)
Asset Pipeline Refresh (id=5c0521798c7e2ee49a9459af0251e042): Total: 0.001 seconds - Initiated by StopAssetImportingV2(NoUpdateAssetOptions)
[SceneBootstrap] Card library populated (52 faces + back).
UnityEngine.Debug:ExtractStackTraceNoAlloc (byte*,int,string)
UnityEngine.StackTraceUtility:ExtractStackTrace ()
UnityEngine.DebugLogHandler:Internal_Log (UnityEngine.LogType,UnityEngine.LogOption,string,UnityEngine.Object)
UnityEngine.DebugLogHandler:LogFormat (UnityEngine.LogType,UnityEngine.Object,string,object[])
UnityEngine.Logger:Log (UnityEngine.LogType,object)
UnityEngine.Debug:Log (object)
BlackjackGame.EditorTools.SceneBootstrap:PopulateCardLibrary () (at Assets/Editor/SceneBootstrap.cs:1440)
BlackjackGame.EditorTools.SceneBootstrap:BuildAll () (at Assets/Editor/SceneBootstrap.cs:194)
BlackjackGame.EditorTools.SceneBootstrap:BuildAllFromCommandLine () (at Assets/Editor/SceneBootstrap.cs:129)

(Filename: Assets/Editor/SceneBootstrap.cs Line: 1440)

Asset Pipeline Refresh (id=df787b524bfde3944b10ea77b8d83acc): Total: 0.020 seconds - Initiated by StopAssetImportingV2(NoUpdateAssetOptions)
[SceneBootstrap] Built Assets/Prefabs/CardView.prefab
UnityEngine.Debug:ExtractStackTraceNoAlloc (byte*,int,string)
UnityEngine.StackTraceUtility:ExtractStackTrace ()
UnityEngine.DebugLogHandler:Internal_Log (UnityEngine.LogType,UnityEngine.LogOption,string,UnityEngine.Object)
UnityEngine.DebugLogHandler:LogFormat (UnityEngine.LogType,UnityEngine.Object,string,object[])
UnityEngine.Logger:Log (UnityEngine.LogType,object)
UnityEngine.Debug:Log (object)
BlackjackGame.EditorTools.SceneBootstrap:CreateCardPrefab () (at Assets/Editor/SceneBootstrap.cs:1461)
BlackjackGame.EditorTools.SceneBootstrap:BuildAll () (at Assets/Editor/SceneBootstrap.cs:195)
BlackjackGame.EditorTools.SceneBootstrap:BuildAllFromCommandLine () (at Assets/Editor/SceneBootstrap.cs:129)

(Filename: Assets/Editor/SceneBootstrap.cs Line: 1461)

Unloading 0 Unused Serialized files (Serialized files now loaded: 0)
Unloading 9 unused Assets / (Unknown). Loaded Objects now: 2431.
Memory consumption went from 141.5 MB to 141.5 MB.
Total: 9.549100 ms (FindLiveObjects: 0.161400 ms CreateObjectMapping: 0.065300 ms MarkObjects: 9.264400 ms  DeleteObjects: 0.056100 ms)

Start importing Assets/Settings/Fonts/Body SDF.asset using Guid(228dfc32d3ff9a447a21801dd53a38ea) (NativeFormatImporter) -> (artifact id: '757ba65942bf10bff3e6199008a99306') in 0.0283778 seconds
Start importing Assets/Settings/Fonts/Display SDF.asset using Guid(84c467f1e8f53c94ea6adc1e50818273) (NativeFormatImporter) -> (artifact id: '1eb4530118b742acb2adf53aba6949dd') in 0.010617 seconds
Start importing Assets/Settings/Fonts/Body Bold SDF.asset using Guid(07fb2088b45e2e34d8f98d70a0870f27) (NativeFormatImporter) -> (artifact id: '8447df2144efdeadb0258631b038eab5') in 0.0214167 seconds
Start importing Assets/Settings/CardSpriteLibrary.asset using Guid(ba1564c02fd2b054a888425137a9530b) (NativeFormatImporter) -> (artifact id: 'f578b6b25722f57233cd497281d6a881') in 0.0024606 seconds
Refreshing native plugins compatible for Editor in 2.19 ms, found 0 plugins.
Preloading 0 native plugins for Editor in 0.00 ms.
Asset Pipeline Refresh (id=7f877c4cb735db44a8e9eb0773d28304): Total: 0.194 seconds - Initiated by StopAssetImportingV2(NoUpdateAssetOptions)
Start importing Assets/Scenes/MainMenu.unity using Guid(0421e163660e36d48a5562ae724c97d2) (DefaultImporter) -> (artifact id: 'da2a75be699a0e96f5682190a39fe92f') in 0.0010665 seconds
Refreshing native plugins compatible for Editor in 2.57 ms, found 0 plugins.
Preloading 0 native plugins for Editor in 0.00 ms.
Asset Pipeline Refresh (id=30c8cf422d2036141b18d5e95318a1fb): Total: 0.027 seconds - Initiated by StopAssetImportingV2(NoUpdateAssetOptions)
[SceneBootstrap] Built Assets/Scenes/MainMenu.unity
UnityEngine.Debug:ExtractStackTraceNoAlloc (byte*,int,string)
UnityEngine.StackTraceUtility:ExtractStackTrace ()
UnityEngine.DebugLogHandler:Internal_Log (UnityEngine.LogType,UnityEngine.LogOption,string,UnityEngine.Object)
UnityEngine.DebugLogHandler:LogFormat (UnityEngine.LogType,UnityEngine.Object,string,object[])
UnityEngine.Logger:Log (UnityEngine.LogType,object)
UnityEngine.Debug:Log (object)
BlackjackGame.EditorTools.SceneBootstrap:SaveScene (UnityEngine.SceneManagement.Scene,string) (at Assets/Editor/SceneBootstrap.cs:699)
BlackjackGame.EditorTools.SceneBootstrap:BuildMainMenuScene () (at Assets/Editor/SceneBootstrap.cs:281)
BlackjackGame.EditorTools.SceneBootstrap:BuildAll () (at Assets/Editor/SceneBootstrap.cs:197)
BlackjackGame.EditorTools.SceneBootstrap:BuildAllFromCommandLine () (at Assets/Editor/SceneBootstrap.cs:129)

(Filename: Assets/Editor/SceneBootstrap.cs Line: 699)

Unloading 0 Unused Serialized files (Serialized files now loaded: 0)
Unloading 156 unused Assets / (93.1 KB). Loaded Objects now: 2350.
Memory consumption went from 203.0 MB to 202.9 MB.
Total: 11.311800 ms (FindLiveObjects: 0.225100 ms CreateObjectMapping: 0.096400 ms MarkObjects: 10.617900 ms  DeleteObjects: 0.371200 ms)

Start importing Assets/Scenes/Game.unity using Guid(7d3e9c988f9c4b749b6e6e87ec631caa) (DefaultImporter) -> (artifact id: '50e29b4b560096f56645605650fd1754') in 0.0011152 seconds
Refreshing native plugins compatible for Editor in 2.08 ms, found 0 plugins.
Preloading 0 native plugins for Editor in 0.00 ms.
Asset Pipeline Refresh (id=7bbab2c4420a2f44dbceb9f8fdbb08ca): Total: 0.029 seconds - Initiated by StopAssetImportingV2(NoUpdateAssetOptions)
[SceneBootstrap] Built Assets/Scenes/Game.unity
UnityEngine.Debug:ExtractStackTraceNoAlloc (byte*,int,string)
UnityEngine.StackTraceUtility:ExtractStackTrace ()
UnityEngine.DebugLogHandler:Internal_Log (UnityEngine.LogType,UnityEngine.LogOption,string,UnityEngine.Object)
UnityEngine.DebugLogHandler:LogFormat (UnityEngine.LogType,UnityEngine.Object,string,object[])
UnityEngine.Logger:Log (UnityEngine.LogType,object)
UnityEngine.Debug:Log (object)
BlackjackGame.EditorTools.SceneBootstrap:SaveScene (UnityEngine.SceneManagement.Scene,string) (at Assets/Editor/SceneBootstrap.cs:699)
BlackjackGame.EditorTools.SceneBootstrap:BuildGameScene () (at Assets/Editor/SceneBootstrap.cs:467)
BlackjackGame.EditorTools.SceneBootstrap:BuildAll () (at Assets/Editor/SceneBootstrap.cs:198)
BlackjackGame.EditorTools.SceneBootstrap:BuildAllFromCommandLine () (at Assets/Editor/SceneBootstrap.cs:129)

(Filename: Assets/Editor/SceneBootstrap.cs Line: 699)

Unloading 0 Unused Serialized files (Serialized files now loaded: 0)
Unloading 114 unused Assets / (99.7 KB). Loaded Objects now: 2350.
Memory consumption went from 167.2 MB to 167.1 MB.
Total: 10.893600 ms (FindLiveObjects: 0.132100 ms CreateObjectMapping: 0.035500 ms MarkObjects: 10.430800 ms  DeleteObjects: 0.293800 ms)

Asset Pipeline Refresh (id=d3581eee52c92a54895cae39831884f2): Total: 0.021 seconds - Initiated by StopAssetImportingV2(NoUpdateAssetOptions)
[SceneBootstrap] Built Assets/Prefabs/StorePackRow.prefab
UnityEngine.Debug:ExtractStackTraceNoAlloc (byte*,int,string)
UnityEngine.StackTraceUtility:ExtractStackTrace ()
UnityEngine.DebugLogHandler:Internal_Log (UnityEngine.LogType,UnityEngine.LogOption,string,UnityEngine.Object)
UnityEngine.DebugLogHandler:LogFormat (UnityEngine.LogType,UnityEngine.Object,string,object[])
UnityEngine.Logger:Log (UnityEngine.LogType,object)
UnityEngine.Debug:Log (object)
BlackjackGame.EditorTools.SceneBootstrap:CreatePackRowPrefab () (at Assets/Editor/SceneBootstrap.cs:1535)
BlackjackGame.EditorTools.SceneBootstrap:BuildStoreScene () (at Assets/Editor/SceneBootstrap.cs:476)
BlackjackGame.EditorTools.SceneBootstrap:BuildAll () (at Assets/Editor/SceneBootstrap.cs:199)
BlackjackGame.EditorTools.SceneBootstrap:BuildAllFromCommandLine () (at Assets/Editor/SceneBootstrap.cs:129)

(Filename: Assets/Editor/SceneBootstrap.cs Line: 1535)

Start importing Assets/Scenes/Store.unity using Guid(14345318f9184384cbd004c4a275e9f9) (DefaultImporter) -> (artifact id: '15a2a5141f406977b139f4c1b137a189') in 0.0012272 seconds
Refreshing native plugins compatible for Editor in 2.23 ms, found 0 plugins.
Preloading 0 native plugins for Editor in 0.00 ms.
Asset Pipeline Refresh (id=7c4e69d3e3f00534d9310e62e468882f): Total: 0.035 seconds - Initiated by StopAssetImportingV2(NoUpdateAssetOptions)
[SceneBootstrap] Built Assets/Scenes/Store.unity
UnityEngine.Debug:ExtractStackTraceNoAlloc (byte*,int,string)
UnityEngine.StackTraceUtility:ExtractStackTrace ()
UnityEngine.DebugLogHandler:Internal_Log (UnityEngine.LogType,UnityEngine.LogOption,string,UnityEngine.Object)
UnityEngine.DebugLogHandler:LogFormat (UnityEngine.LogType,UnityEngine.Object,string,object[])
UnityEngine.Logger:Log (UnityEngine.LogType,object)
UnityEngine.Debug:Log (object)
BlackjackGame.EditorTools.SceneBootstrap:SaveScene (UnityEngine.SceneManagement.Scene,string) (at Assets/Editor/SceneBootstrap.cs:699)
BlackjackGame.EditorTools.SceneBootstrap:BuildStoreScene () (at Assets/Editor/SceneBootstrap.cs:555)
BlackjackGame.EditorTools.SceneBootstrap:BuildAll () (at Assets/Editor/SceneBootstrap.cs:199)
BlackjackGame.EditorTools.SceneBootstrap:BuildAllFromCommandLine () (at Assets/Editor/SceneBootstrap.cs:129)

(Filename: Assets/Editor/SceneBootstrap.cs Line: 699)

[SceneBootstrap] Build Settings: MainMenu, Game, Store.
UnityEngine.Debug:ExtractStackTraceNoAlloc (byte*,int,string)
UnityEngine.StackTraceUtility:ExtractStackTrace ()
UnityEngine.DebugLogHandler:Internal_Log (UnityEngine.LogType,UnityEngine.LogOption,string,UnityEngine.Object)
UnityEngine.DebugLogHandler:LogFormat (UnityEngine.LogType,UnityEngine.Object,string,object[])
UnityEngine.Logger:Log (UnityEngine.LogType,object)
UnityEngine.Debug:Log (object)
BlackjackGame.EditorTools.SceneBootstrap:RegisterBuildSettingsScenes () (at Assets/Editor/SceneBootstrap.cs:566)
BlackjackGame.EditorTools.SceneBootstrap:BuildAll () (at Assets/Editor/SceneBootstrap.cs:201)
BlackjackGame.EditorTools.SceneBootstrap:BuildAllFromCommandLine () (at Assets/Editor/SceneBootstrap.cs:129)

(Filename: Assets/Editor/SceneBootstrap.cs Line: 566)

Asset Pipeline Refresh (id=df98c76e6e246e9418035ec07ce5c4b3): Total: 0.015 seconds - Initiated by RefreshV2(NoUpdateAssetOptions)
Opening scene 'Assets/Scenes/MainMenu.unity'
Unloading 9 Unused Serialized files (Serialized files now loaded: 0)
Loaded scene 'Assets/Scenes/MainMenu.unity'
	Deserialize:            11.560 ms
	Integration:            20.934 ms
	Integration of assets:  0.280 ms
	Thread Wait Time:       0.111 ms
	Total Operation Time:   32.883 ms
Unloading 65 unused Assets / (310.2 KB). Loaded Objects now: 2622.
Memory consumption went from 175.6 MB to 175.3 MB.
Total: 11.641700 ms (FindLiveObjects: 0.176600 ms CreateObjectMapping: 0.039800 ms MarkObjects: 11.132000 ms  DeleteObjects: 0.291500 ms)

Opening scene 'Assets/Scenes/Game.unity'
Unloading 71 Unused Serialized files (Serialized files now loaded: 0)
Loaded scene 'Assets/Scenes/Game.unity'
	Deserialize:            31.354 ms
	Integration:            14.262 ms
	Integration of assets:  1.182 ms
	Thread Wait Time:       0.063 ms
	Total Operation Time:   46.861 ms
Unloading 12 unused Assets / (7.4 KB). Loaded Objects now: 2801.
Memory consumption went from 174.3 MB to 174.3 MB.
Total: 12.224800 ms (FindLiveObjects: 0.199200 ms CreateObjectMapping: 0.045300 ms MarkObjects: 11.877300 ms  DeleteObjects: 0.101300 ms)

Opening scene 'Assets/Scenes/Store.unity'
Unloading 18 Unused Serialized files (Serialized files now loaded: 0)
Loaded scene 'Assets/Scenes/Store.unity'
	Deserialize:            9.374 ms
	Integration:            10.242 ms
	Integration of assets:  0.587 ms
	Thread Wait Time:       0.012 ms
	Total Operation Time:   20.215 ms
Unloading 77 unused Assets / (80.3 KB). Loaded Objects now: 2594.
Memory consumption went from 173.2 MB to 173.1 MB.
Total: 12.679600 ms (FindLiveObjects: 0.190600 ms CreateObjectMapping: 0.049100 ms MarkObjects: 12.204200 ms  DeleteObjects: 0.234500 ms)

[SceneBootstrap] SUCCESS — scenes built, wired and registered in Build Settings.
UnityEngine.Debug:ExtractStackTraceNoAlloc (byte*,int,string)
UnityEngine.StackTraceUtility:ExtractStackTrace ()
UnityEngine.DebugLogHandler:Internal_Log (UnityEngine.LogType,UnityEngine.LogOption,string,UnityEngine.Object)
UnityEngine.DebugLogHandler:LogFormat (UnityEngine.LogType,UnityEngine.Object,string,object[])
UnityEngine.Logger:Log (UnityEngine.LogType,object)
UnityEngine.Debug:Log (object)
BlackjackGame.EditorTools.SceneBootstrap:BuildAllFromCommandLine () (at Assets/Editor/SceneBootstrap.cs:140)

(Filename: Assets/Editor/SceneBootstrap.cs Line: 140)

Clearing [Body Bold SDF] dynamic font asset data.
UnityEngine.Debug:ExtractStackTraceNoAlloc (byte*,int,string)
UnityEngine.StackTraceUtility:ExtractStackTrace ()
UnityEngine.DebugLogHandler:Internal_Log (UnityEngine.LogType,UnityEngine.LogOption,string,UnityEngine.Object)
UnityEngine.DebugLogHandler:LogFormat (UnityEngine.LogType,UnityEngine.Object,string,object[])
UnityEngine.Logger:Log (UnityEngine.LogType,object)
UnityEngine.Debug:Log (object)
TMPro.EditorEventCallbacks/<>c:<InitializeFontAssetResourceChangeCallBacks>b__0_0 () (at ./Library/PackageCache/com.unity.ugui@e20f1880fa04/Editor/TMP/TMP_EditorResourceManager.cs:36)
UnityEditor.EditorApplication:Internal_EditorApplicationQuit ()
BlackjackGame.EditorTools.SceneBootstrap:BuildAllFromCommandLine () (at Assets/Editor/SceneBootstrap.cs:141)

(Filename: ./Library/PackageCache/com.unity.ugui@e20f1880fa04/Editor/TMP/TMP_EditorResourceManager.cs Line: 36)

Clearing [Body SDF] dynamic font asset data.
UnityEngine.Debug:ExtractStackTraceNoAlloc (byte*,int,string)
UnityEngine.StackTraceUtility:ExtractStackTrace ()
UnityEngine.DebugLogHandler:Internal_Log (UnityEngine.LogType,UnityEngine.LogOption,string,UnityEngine.Object)
UnityEngine.DebugLogHandler:LogFormat (UnityEngine.LogType,UnityEngine.Object,string,object[])
UnityEngine.Logger:Log (UnityEngine.LogType,object)
UnityEngine.Debug:Log (object)
TMPro.EditorEventCallbacks/<>c:<InitializeFontAssetResourceChangeCallBacks>b__0_0 () (at ./Library/PackageCache/com.unity.ugui@e20f1880fa04/Editor/TMP/TMP_EditorResourceManager.cs:36)
UnityEditor.EditorApplication:Internal_EditorApplicationQuit ()
BlackjackGame.EditorTools.SceneBootstrap:BuildAllFromCommandLine () (at Assets/Editor/SceneBootstrap.cs:141)

(Filename: ./Library/PackageCache/com.unity.ugui@e20f1880fa04/Editor/TMP/TMP_EditorResourceManager.cs Line: 36)

Clearing [Display SDF] dynamic font asset data.
UnityEngine.Debug:ExtractStackTraceNoAlloc (byte*,int,string)
UnityEngine.StackTraceUtility:ExtractStackTrace ()
UnityEngine.DebugLogHandler:Internal_Log (UnityEngine.LogType,UnityEngine.LogOption,string,UnityEngine.Object)
UnityEngine.DebugLogHandler:LogFormat (UnityEngine.LogType,UnityEngine.Object,string,object[])
UnityEngine.Logger:Log (UnityEngine.LogType,object)
UnityEngine.Debug:Log (object)
TMPro.EditorEventCallbacks/<>c:<InitializeFontAssetResourceChangeCallBacks>b__0_0 () (at ./Library/PackageCache/com.unity.ugui@e20f1880fa04/Editor/TMP/TMP_EditorResourceManager.cs:36)
UnityEditor.EditorApplication:Internal_EditorApplicationQuit ()
BlackjackGame.EditorTools.SceneBootstrap:BuildAllFromCommandLine () (at Assets/Editor/SceneBootstrap.cs:141)

(Filename: ./Library/PackageCache/com.unity.ugui@e20f1880fa04/Editor/TMP/TMP_EditorResourceManager.cs Line: 36)

Killing ADB server in 2.1206257 seconds.
Start importing Assets/Settings/Fonts/Body SDF.asset using Guid(228dfc32d3ff9a447a21801dd53a38ea) (NativeFormatImporter) -> (artifact id: '934fc268eefeca64453fd6273a6f667d') in 0.0285494 seconds
Start importing Assets/Settings/Fonts/Display SDF.asset using Guid(84c467f1e8f53c94ea6adc1e50818273) (NativeFormatImporter) -> (artifact id: '6abd4b40505d108d42675978d3f2d621') in 0.0093818 seconds
Start importing Assets/Settings/Fonts/Body Bold SDF.asset using Guid(07fb2088b45e2e34d8f98d70a0870f27) (NativeFormatImporter) -> (artifact id: '5c964cfe11d6ccc8fec4705ec5484937') in 0.0510941 seconds
Refreshing native plugins compatible for Editor in 4.76 ms, found 0 plugins.
Preloading 0 native plugins for Editor in 0.00 ms.
Asset Pipeline Refresh (id=4c176899bc02d5a42a68e42124b534f2): Total: 0.196 seconds - Initiated by StopAssetImportingV2(NoUpdateAssetOptions)
[Physics::Module] Cleanup current backend.
[Physics::Module] Id: 0xf2b8ea05
Input System module state changed to: ShutdownInProgress.
Input System polling thread exited.
Input System module state changed to: Shutdown.
[Licensing::IpcConnector] LicenseClient-mobin-notifications channel disconnected successfully.
[Licensing::IpcConnector] LicenseClient-mobin channel disconnected successfully.
AcceleratorClientConnectionCallback - disconnected - :0
Cleanup mono
Checking for leaked weakptr:
  Found no leaked weakptrs.
[Package Manager] Server process was shutdown
##utp:{"type":"MemoryLeaks","version":2,"phase":"Immediate","time":1785947595933,"processId":14160,"allocatedMemory":11099917,"memoryLabels":[{"Default":29313},{"Permanent":15236},{"NewDelete":67475},{"Thread":4230344},{"Manager":30685},{"VertexData":8},{"Geometry":816},{"Texture":160},{"Shader":79381},{"Material":24},{"GfxDevice":55872},{"Animation":392},{"Audio":3040},{"FreeType":8},{"FontEngine":736},{"Physics":2146},{"Physics2D":16},{"Serialization":592},{"Input":14984},{"JobScheduler":33024},{"TextLib":280},{"Mono":32},{"ScriptingNativeRuntime":155060},{"BaseObject":1620336},{"Resource":1336},{"Renderer":3000},{"Transform":4685},{"File":9775},{"WebCam":616},{"Culling":32},{"Terrain":11394},{"Wind":24},{"STL":40},{"String":20350},{"DynamicArray":92705},{"HashMap":76919},{"Utility":2659734},{"Curl":2559},{"PoolAlloc":2056},{"AI":80},{"TypeTree":5341},{"ScriptManager":512},{"RuntimeInitializeOnLoadManager":64},{"SpriteAtlas":112},{"GI":7792},{"Director":8240},{"CloudService":9184},{"WebRequest":12667},{"VR":47994},{"SceneManager":504},{"Video":64},{"LazyScriptCache":32},{"Camera":17},{"Secure":2377},{"SerializationCache":1576},{"APIUpdating":10320},{"Subsystems":336},{"VirtualTexturing":57888},{"StaticSafetyDebugInfo":278528},{"Analytics":640},{"Hierarchy":608},{"CoreStats":13112},{"Identifiers":6480},{"Gui":96},{"EditorUtility":95673},{"VersionControl":4},{"Undo":947},{"AssetDatabase":1267716},{"EditorGi":328},{"UnityConnect":29208},{"Upm":1896},{"AssetCompliance":64},{"DrivenProperties":72},{"LocalIPC":260},{"ProfilerEditor":9746},{"CoreBusinessMetrics":3518},{"Licensing":776},{"AssetReference":32},{"IPCStream":32}]}
