[Licensing::Module] Trying to connect to existing licensing client channel...
Built from '6000.3/staging' branch; Version is '6000.3.21f1 (c02631ffc030) revision 12592689'; Using compiler version '194234433'; Build Type 'Release'
OS: 'Windows 11  (10.0.26200) Core' Language: 'en' Physical Memory: 16163 MB
[Licensing::IpcConnector] Successfully connected to: "LicenseClient-mobin" at "2026-08-04T22:35:19.2124858Z"
BatchMode: 1, IsHumanControllingUs: 0, StartBugReporterOnCrash: 0, Is64bit: 1
System  architecture: x64
Process architecture: x64
Date: 2026-08-04T22:35:19Z

COMMAND LINE ARGUMENTS:
C:\Program Files\Unity\Hub\Editor\6000.3.21f1\Editor\Unity.exe
-batchmode
-quit
-nographics
-projectPath
C:\Users\mobin\Desktop\Project-folder\blackjack-social-casino
-logFile
C:\Users\mobin\Desktop\Project-folder\blackjack-social-casino\tools\logs\import.log
-accept-apiupdate
Successfully changed project path to: C:\Users\mobin\Desktop\Project-folder\blackjack-social-casino
C:/Users/mobin/Desktop/Project-folder/blackjack-social-casino
[UnityMemory] Configuration Parameters - Can be set up in boot.config
    "memorysetup-temp-allocator-size-nav-mesh-worker=65536"
    "memorysetup-temp-allocator-size-audio-worker=65536"
    "memorysetup-temp-allocator-size-gfx=262144"
    "memorysetup-allocator-temp-initial-block-size-main=262144"
    "memorysetup-allocator-temp-initial-block-size-worker=262144"
    "memorysetup-temp-allocator-size-background-worker=32768"
    "memorysetup-temp-allocator-size-job-worker=262144"
    "memorysetup-temp-allocator-size-preload-manager=33554432"
    "memorysetup-temp-allocator-size-gi-baking-worker=262144"
    "memorysetup-temp-allocator-size-gi-baking-worker=262144"
    "memorysetup-temp-allocator-size-gi-baking-worker=262144"
    "memorysetup-temp-allocator-size-gi-baking-worker=262144"
    "memorysetup-temp-allocator-size-gi-baking-worker=262144"
    "memorysetup-bucket-allocator-granularity=16"
    "memorysetup-bucket-allocator-bucket-count=8"
    "memorysetup-bucket-allocator-block-size=33554432"
    "memorysetup-bucket-allocator-block-count=8"
    "memorysetup-main-allocator-block-size=16777216"
    "memorysetup-thread-allocator-block-size=16777216"
    "memorysetup-gfx-main-allocator-block-size=16777216"
    "memorysetup-gfx-thread-allocator-block-size=16777216"
    "memorysetup-cache-allocator-block-size=4194304"
    "memorysetup-typetree-allocator-block-size=2097152"
    "memorysetup-profiler-bucket-allocator-granularity=16"
    "memorysetup-profiler-bucket-allocator-bucket-count=8"
    "memorysetup-profiler-bucket-allocator-block-size=33554432"
    "memorysetup-profiler-bucket-allocator-block-count=8"
    "memorysetup-profiler-allocator-block-size=16777216"
    "memorysetup-profiler-editor-allocator-block-size=1048576"
    "memorysetup-temp-allocator-size-main=16777216"
    "memorysetup-job-temp-allocator-block-size=2097152"
    "memorysetup-job-temp-allocator-block-size-background=1048576"
    "memorysetup-job-temp-allocator-reduction-small-platforms=262144"
    "memorysetup-temp-allocator-size-cloud-worker=32768"
Player connection [25280]  Target information:

Player connection [25280]  * "[IP] 192.168.80.1 [Port] 55504 [Flags] 2 [Guid] 4250770238 [EditorId] 4250770238 [Version] 1048832 [Id] WindowsEditor(7,mobin) [Debug] 1 [PackageName] WindowsEditor [ProjectName] Editor" 

Player connection [25280]  * "[IP] 192.168.42.1 [Port] 55504 [Flags] 2 [Guid] 4250770238 [EditorId] 4250770238 [Version] 1048832 [Id] WindowsEditor(7,mobin) [Debug] 1 [PackageName] WindowsEditor [ProjectName] Editor" 

Player connection [25280]  * "[IP] 10.0.0.62 [Port] 55504 [Flags] 2 [Guid] 4250770238 [EditorId] 4250770238 [Version] 1048832 [Id] WindowsEditor(7,mobin) [Debug] 1 [PackageName] WindowsEditor [ProjectName] Editor" 

Player connection [25280] Host joined multi-casting on [225.0.0.222:54997]...
Player connection [25280] Host joined alternative multi-casting on [225.0.0.222:34997]...
Input System module state changed to: Initialized.
[Physics::Module] Initialized fallback backend.
[Physics::Module] Id: 0xdecafbad
[Package Manager] Connected to IPC stream "Upm-23856" after 0.8 seconds.
[Licensing::Module] Licensing is not yet initialized.
[Licensing::Client] Error: HandshakeResponse reported an error:
	ResponseCode: 505
	ResponseStatus: Unsupported protocol version '1.18.1'.
[Licensing::Module] Error: Failed to handshake to channel: "LicenseClient-mobin"
[Licensing::IpcConnector] LicenseClient-mobin channel disconnected successfully.
[Licensing::IpcConnector] Channel LicenseClient-mobin-6000.3.21 doesn't exist
[Licensing::Module] Successfully launched the LicensingClient (PId: 17592)
[Licensing::IpcConnector] Successfully connected to: "LicenseClient-mobin-6000.3.21" at "2026-08-04T22:35:23.0154619Z"
[Licensing::Client] Code 10 while verifying Licensing Client signature (process Id: 17592, path: "C:/Program Files/Unity/Hub/Editor/6000.3.21f1/Editor/Data/Resources/Licensing/Client/Unity.Licensing.Client.exe")
[Licensing::Module] LicensingClient has failed validation; ignoring
[Licensing::Client] Handshaking with LicensingClient:
  Version:                 1.18.1+9fbee8e
  Session Id:              4282453e48754379b437776f692d79c8
  Correlation Id:          4ffb1f0839d0f4a5999fe1a9b6e630d5
  External correlation Id: 530485159793138091
  Machine Id:              IKbYpEP8Sfi1OSfS5p21BY4mvC0=
[Licensing::Module] Successfully connected to LicensingClient on channel: "LicenseClient-mobin-6000.3.21" (connect: 0.86s, validation: 0.71s, handshake: 0.04s)
[Licensing::IpcConnector] Successfully connected to: "LicenseClient-mobin-6000.3.21-notifications" at "2026-08-04T22:35:23.770182Z"
[Licensing::Module] Connected to LicensingClient (PId: 17592, launch time: 0.02, total connection time: 1.61s)
[Licensing::Module] Error: Access token is unavailable; failed to update
[Licensing::Client] Successfully resolved entitlement details
[Licensing::Module] License group:
  Id: 3574443758235-UnityPersXXXX
  Product: Unity Personal
  Type: Assigned
  Expiration: Unlimited
[Licensing::Client] Successfully updated license, isAsync: True, time: 0.03
[Licensing::Client] Successfully resolved entitlement details
[Licensing::Module] Licensing Background thread has ended after 4.74s
[Licensing::Module] Licensing is initialized (took 3.22s).
[Licensing::Client] Successfully resolved entitlement details
Library Redirect Path: Library/
[Physics::Module] Selected backend.
[Physics::Module] Name: PhysX
[Physics::Module] Id: 0xf2b8ea05
[Physics::Module] SDK Version: 4.1.2
[Physics::Module] Integration Version: 1.0.0
[Physics::Module] Threading Mode: Multi-Threaded
Refreshing native plugins compatible for Editor in 0.65 ms, found 0 plugins.
Preloading 0 native plugins for Editor in 0.00 ms.
Initialize engine version: 6000.3.21f1 (c02631ffc030)
[Subsystems] Discovering subsystems at path C:/Program Files/Unity/Hub/Editor/6000.3.21f1/Editor/Data/Resources/UnitySubsystems
[Subsystems] Discovering subsystems at path C:/Users/mobin/Desktop/Project-folder/blackjack-social-casino/Assets
Forcing GfxDevice: Null
GfxDevice: creating device client; kGfxThreadingModeNonThreaded
NullGfxDevice:
    Version:  NULL 1.0 [1.0]
    Renderer: Null Device
    Vendor:   Unity Technologies
Initialize mono
Mono path[0] = 'C:/Program Files/Unity/Hub/Editor/6000.3.21f1/Editor/Data/Managed'
Mono path[1] = 'C:/Program Files/Unity/Hub/Editor/6000.3.21f1/Editor/Data/MonoBleedingEdge/lib/mono/unityjit-win32'
Mono config path = 'C:/Program Files/Unity/Hub/Editor/6000.3.21f1/Editor/Data/MonoBleedingEdge/etc'
Using monoOptions --debugger-agent=transport=dt_socket,embedding=1,server=y,suspend=n,address=127.0.0.1:56856
Using cacheserver namespaces - metadata:defaultmetadata, artifacts:defaultartifacts
Using cacheserver namespaces - metadata:defaultmetadata, artifacts:defaultartifacts
ImportWorker Server TCP listen port: 0
AcceleratorClientConnectionCallback - disconnected - :0
Begin MonoManager ReloadAssembly
Registering precompiled unity dll's ...
Register platform support module: C:/Program Files/Unity/Hub/Editor/6000.3.21f1/Editor/Data/PlaybackEngines/WindowsStandaloneSupport/UnityEditor.WindowsStandalone.Extensions.dll
[Licensing::Client] Successfully resolved entitlement details
Register platform support module: C:/Program Files/Unity/Hub/Editor/6000.3.21f1/Editor/Data/PlaybackEngines/AndroidPlayer/UnityEditor.Android.Extensions.dll
[Licensing::Client] Successfully resolved entitlement details
Register platform support module: C:/Program Files/Unity/Hub/Editor/6000.3.21f1/Editor/Data/PlaybackEngines/iOSSupport/UnityEditor.iOS.Extensions.dll
Registered in 0.031718 seconds.
- Loaded All Assemblies, in  1.012 seconds
Native extension for iOS target not found
Native extension for Android target not found
Native extension for WindowsStandalone target not found
Package Manager log level set to [2]
ScheduleIndexationOnStartup MainProcess:False IndexOnStartup:True
Mono: successfully reloaded assembly
- Finished resetting the current domain, in  0.990 seconds
Domain Reload Profiling: 1995ms
	BeginReloadAssembly (307ms)
		ExecutionOrderSort (0ms)
		DisableScriptedObjects (0ms)
		BackupInstance (0ms)
		ReleaseScriptingObjects (0ms)
		CreateAndSetChildDomain (27ms)
	RebuildCommonClasses (94ms)
	RebuildNativeTypeToScriptingClass (24ms)
	initialDomainReloadingComplete (158ms)
	LoadAllAssembliesAndSetupDomain (420ms)
		LoadAssemblies (277ms)
		RebuildTransferFunctionScriptingTraits (0ms)
		AnalyzeDomain (407ms)
			TypeCache.Refresh (403ms)
				TypeCache.ScanAssembly (373ms)
			BuildScriptInfoCaches (0ms)
			ResolveRequiredComponents (1ms)
	FinalizeReload (992ms)
		ReleaseScriptCaches (0ms)
		RebuildScriptCaches (0ms)
		SetupLoadedEditorAssemblies (853ms)
			LogAssemblyErrors (0ms)
			InitializePlatformSupportModulesInManaged (130ms)
			SetLoadedEditorAssemblies (7ms)
			BeforeProcessingInitializeOnLoad (158ms)
			ProcessInitializeOnLoadAttributes (272ms)
			ProcessInitializeOnLoadMethodAttributes (285ms)
			AfterProcessingInitializeOnLoad (0ms)
			EditorAssembliesLoaded (0ms)
		ExecutionOrderSort2 (0ms)
		AwakeInstancesAfterBackupRestoration (0ms)
[Licensing::Client] Successfully resolved entitlement details
Application.AssetDatabase Initial Refresh Start
[Package Manager] Restoring resolved packages state from cache
[Licensing::Client] Successfully resolved entitlement details
[Package Manager] Registered 23 packages:
  Packages from [https://packages.unity.com]:
    com.unity.ide.rider@3.0.40 (location: C:\Users\mobin\Desktop\Project-folder\blackjack-social-casino\Library\PackageCache\com.unity.ide.rider@e4950c6d131b)
    com.unity.ide.visualstudio@2.0.26 (location: C:\Users\mobin\Desktop\Project-folder\blackjack-social-casino\Library\PackageCache\com.unity.ide.visualstudio@a99d56dec63f)
    com.unity.purchasing@4.15.1 (location: C:\Users\mobin\Desktop\Project-folder\blackjack-social-casino\Library\PackageCache\com.unity.purchasing@265595791a69)
    com.unity.services.core@1.18.0 (location: C:\Users\mobin\Desktop\Project-folder\blackjack-social-casino\Library\PackageCache\com.unity.services.core@3464cb68d709)
    com.unity.nuget.newtonsoft-json@3.2.2 (location: C:\Users\mobin\Desktop\Project-folder\blackjack-social-casino\Library\PackageCache\com.unity.nuget.newtonsoft-json@4dfd81071c64)
  Built-in packages:
    com.unity.test-framework@1.6.0 (location: C:\Users\mobin\Desktop\Project-folder\blackjack-social-casino\Library\PackageCache\com.unity.test-framework@bd7f943e9647)
    com.unity.ugui@2.0.0 (location: C:\Users\mobin\Desktop\Project-folder\blackjack-social-casino\Library\PackageCache\com.unity.ugui@e20f1880fa04)
    com.unity.modules.adaptiveperformance@1.0.0 (location: C:\Users\mobin\Desktop\Project-folder\blackjack-social-casino\Library\PackageCache\com.unity.modules.adaptiveperformance)
    com.unity.modules.androidjni@1.0.0 (location: C:\Users\mobin\Desktop\Project-folder\blackjack-social-casino\Library\PackageCache\com.unity.modules.androidjni)
    com.unity.modules.animation@1.0.0 (location: C:\Users\mobin\Desktop\Project-folder\blackjack-social-casino\Library\PackageCache\com.unity.modules.animation)
    com.unity.modules.audio@1.0.0 (location: C:\Users\mobin\Desktop\Project-folder\blackjack-social-casino\Library\PackageCache\com.unity.modules.audio)
    com.unity.modules.imageconversion@1.0.0 (location: C:\Users\mobin\Desktop\Project-folder\blackjack-social-casino\Library\PackageCache\com.unity.modules.imageconversion)
    com.unity.modules.imgui@1.0.0 (location: C:\Users\mobin\Desktop\Project-folder\blackjack-social-casino\Library\PackageCache\com.unity.modules.imgui)
    com.unity.modules.jsonserialize@1.0.0 (location: C:\Users\mobin\Desktop\Project-folder\blackjack-social-casino\Library\PackageCache\com.unity.modules.jsonserialize)
    com.unity.modules.physics@1.0.0 (location: C:\Users\mobin\Desktop\Project-folder\blackjack-social-casino\Library\PackageCache\com.unity.modules.physics)
    com.unity.modules.physics2d@1.0.0 (location: C:\Users\mobin\Desktop\Project-folder\blackjack-social-casino\Library\PackageCache\com.unity.modules.physics2d)
    com.unity.modules.ui@1.0.0 (location: C:\Users\mobin\Desktop\Project-folder\blackjack-social-casino\Library\PackageCache\com.unity.modules.ui)
    com.unity.modules.uielements@1.0.0 (location: C:\Users\mobin\Desktop\Project-folder\blackjack-social-casino\Library\PackageCache\com.unity.modules.uielements)
    com.unity.modules.unitywebrequest@1.0.0 (location: C:\Users\mobin\Desktop\Project-folder\blackjack-social-casino\Library\PackageCache\com.unity.modules.unitywebrequest)
    com.unity.modules.vectorgraphics@1.0.0 (location: C:\Users\mobin\Desktop\Project-folder\blackjack-social-casino\Library\PackageCache\com.unity.modules.vectorgraphics)
    com.unity.modules.hierarchycore@1.0.0 (location: C:\Users\mobin\Desktop\Project-folder\blackjack-social-casino\Library\PackageCache\com.unity.modules.hierarchycore)
    com.unity.modules.subsystems@1.0.0 (location: C:\Users\mobin\Desktop\Project-folder\blackjack-social-casino\Library\PackageCache\com.unity.modules.subsystems)
    com.unity.ext.nunit@2.0.5 (location: C:\Users\mobin\Desktop\Project-folder\blackjack-social-casino\Library\PackageCache\com.unity.ext.nunit@d8c07649098d)
[Package Manager] com.unity.purchasing@4.15.1 is deprecated: Unity IAP 4 is unsupported as of June 8, 2026. IAP 5 is the supported version going forward.
[Subsystems] No new subsystems found in resolved package list.
[Package Manager] Done registering packages in 0.04 seconds
[ScriptCompilation] Requested script compilation because: Assetdatabase observed changes in script compilation related files
Starting: C:\Program Files\Unity\Hub\Editor\6000.3.21f1\Editor\Data\Tools\BuildPipeline\bee_backend.exe --ipc --defer-dag-verification --dagfile="Library/Bee/1900b0aE.dag" --continue-on-failure --profile="Library/Bee/backend1.traceevents" ScriptAssemblies
WorkingDir: C:/Users/mobin/Desktop/Project-folder/blackjack-social-casino
DisplayProgressbar: Compiling Scripts
ExitCode: 0 Duration: 1s130ms
[523/526    0s] Csc Library/Bee/artifacts/1900b0aE.dag/BlackjackGame.PlayTests.dll (+2 others)
[524/526    0s] CopyFiles Library/ScriptAssemblies/BlackjackGame.PlayTests.pdb
[525/526    0s] CopyFiles Library/ScriptAssemblies/BlackjackGame.PlayTests.dll
*** Tundra build success (0.99 seconds), 3 items updated, 526 evaluated
AssetDatabase: script compilation time: 3.490892s
Begin MonoManager ReloadAssembly
Total cache size 48146028
Total cache size after purge 48146028, took 00:00:00.3463856
- Loaded All Assemblies, in  1.671 seconds
Refreshing native plugins compatible for Editor in 6.66 ms, found 0 plugins.
Native extension for iOS target not found
Native extension for Android target not found
Native extension for WindowsStandalone target not found
ScheduleIndexationOnStartup MainProcess:True IndexOnStartup:True
Mono: successfully reloaded assembly
- Finished resetting the current domain, in  1.744 seconds
Domain Reload Profiling: 3397ms
	BeginReloadAssembly (673ms)
		ExecutionOrderSort (0ms)
		DisableScriptedObjects (160ms)
		BackupInstance (0ms)
		ReleaseScriptingObjects (0ms)
		CreateAndSetChildDomain (98ms)
	RebuildCommonClasses (82ms)
	RebuildNativeTypeToScriptingClass (22ms)
	initialDomainReloadingComplete (124ms)
	LoadAllAssembliesAndSetupDomain (751ms)
		LoadAssemblies (862ms)
		RebuildTransferFunctionScriptingTraits (0ms)
		AnalyzeDomain (154ms)
			TypeCache.Refresh (110ms)
				TypeCache.ScanAssembly (88ms)
			BuildScriptInfoCaches (32ms)
			ResolveRequiredComponents (7ms)
	FinalizeReload (1745ms)
		ReleaseScriptCaches (0ms)
		RebuildScriptCaches (0ms)
		SetupLoadedEditorAssemblies (1439ms)
			LogAssemblyErrors (0ms)
			InitializePlatformSupportModulesInManaged (89ms)
			SetLoadedEditorAssemblies (10ms)
			BeforeProcessingInitializeOnLoad (302ms)
			ProcessInitializeOnLoadAttributes (317ms)
			ProcessInitializeOnLoadMethodAttributes (684ms)
			AfterProcessingInitializeOnLoad (36ms)
			EditorAssembliesLoaded (1ms)
		ExecutionOrderSort2 (0ms)
		AwakeInstancesAfterBackupRestoration (63ms)
Refreshing native plugins compatible for Editor in 8.69 ms, found 0 plugins.
Preloading 0 native plugins for Editor in 0.00 ms.
Asset Pipeline Refresh (id=0286bac1552a133499ecde72909ad78a): Total: 8.045 seconds - Initiated by InitialRefreshV2(ForceSynchronousImport)
	Summary:
		Imports: total=0 (actual=0, local cache=0, cache server=0)
		Asset DB Process Time: managed=0 ms, native=2478 ms
		Asset DB Callback time: managed=248 ms, native=72 ms
		Scripting: domain reloads=1, domain reload time=1672 ms, compile time=3500 ms, other=73 ms
		Project Asset Count: scripts=477, non-scripts=320
		Asset File Changes: new=0, changed=1, moved=0, deleted=0
		Scan Filter Count: 0
	InvokeCustomDependenciesCallbacks: 0.008ms
	InvokePackagesCallback: 61.768ms
	ApplyChangesToAssetFolders: 3.106ms
	Scan: 259.089ms
	OnSourceAssetsModified: 2.594ms
	CategorizeAssetsWithTransientArtifact: 33.716ms
	ProcessAssetsWithTransientArtifactChanges: 46.553ms
	CategorizeAssets: 23.996ms
	ImportOutOfDateAssets: 1765.622ms (-1735.725ms without children)
		CompileScripts: 3499.638ms
		ReloadNativeAssets: 0.001ms
		UnloadImportedAssets: 0.266ms
		EnsureUptoDateAssetsAreRegisteredWithGuidPM: 0.443ms
		InitializingProgressBar: 0.001ms
		PostProcessAllAssetNotificationsAddChangedAssets: 0.001ms
		OnDemandSchedulerStart: 0.997ms
	PostProcessAllAssets: 254.248ms
	Hotreload: 11.823ms
	GatherAllCurrentPrimaryArtifactRevisions: 0.009ms
	UnloadStreamsBegin: 7.563ms
	PersistCurrentRevisions: 0.144ms
	UnloadStreamsEnd: 0.015ms
	GenerateScriptTypeHashes: 4.685ms
	Untracked: 5574.433ms

Application.AssetDatabase Initial Refresh End
Scanning for USB devices : 2.034ms
Initializing Unity extensions:
[MODES] ModeService[none].Initialize
[MODES] ModeService[none].LoadModes
[MODES] Loading mode Default (0) for mode-current-id-blackjack-social-casino
Unloading 4 Unused Serialized files (Serialized files now loaded: 0)
Unloading 1674 unused Assets / (1.7 MB). Loaded Objects now: 2310.
Memory consumption went from 104.5 MB to 102.8 MB.
Total: 23.371300 ms (FindLiveObjects: 0.334200 ms CreateObjectMapping: 0.160900 ms MarkObjects: 21.044500 ms  DeleteObjects: 1.828500 ms)

Curl error 42: Callback aborted
Batchmode quit successfully invoked - shutting down!
Killing ADB server in 2.1415942 seconds.
[Physics::Module] Cleanup current backend.
[Physics::Module] Id: 0xf2b8ea05
Input System module state changed to: ShutdownInProgress.
Input System polling thread exited.
Input System module state changed to: Shutdown.
[Licensing::IpcConnector] LicenseClient-mobin-6000.3.21-notifications channel disconnected successfully.
[Licensing::IpcConnector] LicenseClient-mobin-6000.3.21 channel disconnected successfully.
AcceleratorClientConnectionCallback - disconnected - :0
Cleanup mono
Exiting batchmode successfully now!
Exiting without the bug reporter. Application will terminate with return code 0